#-----------------------------------------------------------
# Vivado v2025.1 (64-bit)
# SW Build 6140274 on Thu May 22 00:12:29 MDT 2025
# IP Build 6138677 on Thu May 22 03:10:11 MDT 2025
# SharedData Build 6139179 on Tue May 20 17:58:58 MDT 2025
# Start of session at: Mon Nov 17 16:35:52 2025
# Process ID         : 36164
# Current directory  : C:/Users/artug/Desktop/CUCEI/2do_Semestre/SistemasDigitales/PracticasEquipo2/ProyectosVivado/MicroprocesadorEquipo2/MicroprocesadorEquipo2.runs/synth_1
# Command line       : vivado.exe -log System_TOP.vds -product Vivado -mode batch -messageDb vivado.pb -notrace -source System_TOP.tcl
# Log file           : C:/Users/artug/Desktop/CUCEI/2do_Semestre/SistemasDigitales/PracticasEquipo2/ProyectosVivado/MicroprocesadorEquipo2/MicroprocesadorEquipo2.runs/synth_1/System_TOP.vds
# Journal file       : C:/Users/artug/Desktop/CUCEI/2do_Semestre/SistemasDigitales/PracticasEquipo2/ProyectosVivado/MicroprocesadorEquipo2/MicroprocesadorEquipo2.runs/synth_1\vivado.jou
# Running On         : Artz_Victus
# Platform           : Windows Server 2016 or Windows 10
# Operating System   : 26200
# Processor Detail   : AMD Ryzen 5 7535HS with Radeon Graphics        
# CPU Frequency      : 3294 MHz
# CPU Physical cores : 6
# CPU Logical cores  : 12
# Host memory        : 67869 MB
# Swap memory        : 4294 MB
# Total Virtual      : 72164 MB
# Available Virtual  : 47613 MB
#-----------------------------------------------------------
source System_TOP.tcl -notrace
