Copyright 1986-2022 Xilinx, Inc. All Rights Reserved. Copyright 2022-2025 Advanced Micro Devices, Inc. All Rights Reserved.
----------------------------------------------------------------------------------------------------------------------------------------------------
| Tool Version     : Vivado v.2025.1 (win64) Build 6140274 Thu May 22 00:12:29 MDT 2025
| Date             : Mon Nov 17 16:37:38 2025
| Host             : Artz_Victus running 64-bit major release  (build 9200)
| Command          : report_power -file System_TOP_power_routed.rpt -pb System_TOP_power_summary_routed.pb -rpx System_TOP_power_routed.rpx
| Design           : System_TOP
| Device           : xc7s100fgga676-1Q
| Design State     : routed
| Grade            : q-grade
| Process          : typical
| Characterization : Production
----------------------------------------------------------------------------------------------------------------------------------------------------

Power Report

Table of Contents
-----------------
1. Summary
1.1 On-Chip Components
1.2 Power Supply Summary
1.3 Confidence Level
2. Settings
2.1 Environment
2.2 Clock Constraints
3. Detailed Reports
3.1 By Hierarchy

1. Summary
----------

+--------------------------+--------------+
| Total On-Chip Power (W)  | 17.536       |
| Design Power Budget (W)  | Unspecified* |
| Power Budget Margin (W)  | NA           |
| Dynamic (W)              | 17.353       |
| Device Static (W)        | 0.183        |
| Effective TJA (C/W)      | 2.4          |
| Max Ambient (C)          | 82.2         |
| Junction Temperature (C) | 67.8         |
| Confidence Level         | Low          |
| Setting File             | ---          |
| Simulation Activity File | ---          |
| Design Nets Matched      | NA           |
+--------------------------+--------------+
* Specify Design Power Budget using, set_operating_conditions -design_power_budget <value in Watts>


1.1 On-Chip Components
----------------------

+----------------+-----------+----------+-----------+-----------------+
| On-Chip        | Power (W) | Used     | Available | Utilization (%) |
+----------------+-----------+----------+-----------+-----------------+
| Slice Logic    |     1.640 |      846 |       --- |             --- |
|   LUT as Logic |     1.432 |      309 |     64000 |            0.48 |
|   CARRY4       |     0.103 |       55 |     16000 |            0.34 |
|   Register     |     0.099 |      337 |    128000 |            0.26 |
|   BUFG         |     0.006 |        1 |        32 |            3.13 |
|   F7/F8 Muxes  |    <0.001 |        1 |     64000 |           <0.01 |
|   Others       |     0.000 |       40 |       --- |             --- |
| Signals        |     1.632 |      667 |       --- |             --- |
| DSPs           |    <0.001 |        4 |       160 |            2.50 |
| I/O            |    14.080 |       96 |       400 |           24.00 |
| Static Power   |     0.183 |          |           |                 |
| Total          |    17.536 |          |           |                 |
+----------------+-----------+----------+-----------+-----------------+


1.2 Power Supply Summary
------------------------

+-----------+-------------+-----------+-------------+------------+-------------+-------------+------------+
| Source    | Voltage (V) | Total (A) | Dynamic (A) | Static (A) | Powerup (A) | Budget (A)  | Margin (A) |
+-----------+-------------+-----------+-------------+------------+-------------+-------------+------------+
| Vccint    |       1.000 |     3.356 |       3.278 |      0.079 |       NA    | Unspecified | NA         |
| Vccaux    |       1.800 |     1.184 |       1.152 |      0.031 |       NA    | Unspecified | NA         |
| Vcco33    |       3.300 |     0.000 |       0.000 |      0.000 |       NA    | Unspecified | NA         |
| Vcco25    |       2.500 |     0.000 |       0.000 |      0.000 |       NA    | Unspecified | NA         |
| Vcco18    |       1.800 |     6.671 |       6.667 |      0.004 |       NA    | Unspecified | NA         |
| Vcco15    |       1.500 |     0.000 |       0.000 |      0.000 |       NA    | Unspecified | NA         |
| Vcco135   |       1.350 |     0.000 |       0.000 |      0.000 |       NA    | Unspecified | NA         |
| Vcco12    |       1.200 |     0.000 |       0.000 |      0.000 |       NA    | Unspecified | NA         |
| Vccaux_io |       1.800 |     0.000 |       0.000 |      0.000 |       NA    | Unspecified | NA         |
| Vccbram   |       1.000 |     0.004 |       0.000 |      0.004 |       NA    | Unspecified | NA         |
| Vccadc    |       1.800 |     0.020 |       0.000 |      0.020 |       NA    | Unspecified | NA         |
+-----------+-------------+-----------+-------------+------------+-------------+-------------+------------+


1.3 Confidence Level
--------------------

+-----------------------------+------------+--------------------------------------------------------+--------------------------------------------------------------------------------------------------------------------+
| User Input Data             | Confidence | Details                                                | Action                                                                                                             |
+-----------------------------+------------+--------------------------------------------------------+--------------------------------------------------------------------------------------------------------------------+
| Design implementation state | High       | Design is routed                                       |                                                                                                                    |
| Clock nodes activity        | Low        | User specified less than 75% of clocks                 | Provide missing clock activity with a constraint file, simulation results or by editing the "By Clock Domain" view |
| I/O nodes activity          | Low        | More than 75% of inputs are missing user specification | Provide missing input activity with simulation results or by editing the "By Resource Type -> I/Os" view           |
| Internal nodes activity     | Medium     | User specified less than 25% of internal nodes         | Provide missing internal nodes activity with simulation results or by editing the "By Resource Type" views         |
| Device models               | High       | Device models are Production                           |                                                                                                                    |
|                             |            |                                                        |                                                                                                                    |
| Overall confidence level    | Low        |                                                        |                                                                                                                    |
+-----------------------------+------------+--------------------------------------------------------+--------------------------------------------------------------------------------------------------------------------+


2. Settings
-----------

2.1 Environment
---------------

+-----------------------+--------------------------+
| Ambient Temp (C)      | 25.0                     |
| ThetaJA (C/W)         | 2.4                      |
| Airflow (LFM)         | 250                      |
| Heat Sink             | medium (Medium Profile)  |
| ThetaSA (C/W)         | 2.8                      |
| Board Selection       | medium (10"x10")         |
| # of Board Layers     | 12to15 (12 to 15 Layers) |
| Board Temperature (C) | 25.0                     |
+-----------------------+--------------------------+


2.2 Clock Constraints
---------------------

+-------+--------+-----------------+
| Clock | Domain | Constraint (ns) |
+-------+--------+-----------------+


3. Detailed Reports
-------------------

3.1 By Hierarchy
----------------

+---------------------------------------+-----------+
| Name                                  | Power (W) |
+---------------------------------------+-----------+
| System_TOP                            |    17.353 |
|   Inst_ACC                            |     0.012 |
|   Inst_ALU                            |     0.005 |
|   Inst_BUZZER                         |     0.159 |
|   Inst_GPR                            |     0.249 |
|   Inst_MAR                            |     0.226 |
|   Inst_Motores                        |     1.319 |
|     G_Vibrador_Instances[0].VIB_Inst  |     0.325 |
|     G_Vibrador_Instances[1].VIB_Inst  |     0.337 |
|     G_Vibrador_Instances[2].VIB_Inst  |     0.311 |
|     G_Vibrador_Instances[3].VIB_Inst  |     0.345 |
|   Inst_PC                             |     0.268 |
|   Inst_ROM                            |     0.235 |
|   Inst_RegSens                        |     0.757 |
|     G_Sensor_Instances[0].Sensor_Inst |     0.154 |
|       Inst_TriggerGen                 |     0.115 |
|       Inst_counter                    |     0.038 |
|     G_Sensor_Instances[1].Sensor_Inst |     0.169 |
|       Inst_TriggerGen                 |     0.126 |
|       Inst_counter                    |     0.043 |
|     G_Sensor_Instances[2].Sensor_Inst |     0.183 |
|       Inst_TriggerGen                 |     0.138 |
|       Inst_counter                    |     0.044 |
|     G_Sensor_Instances[3].Sensor_Inst |     0.166 |
|       Inst_TriggerGen                 |     0.121 |
|       Inst_counter                    |     0.044 |
|   Inst_UC                             |     0.013 |
+---------------------------------------+-----------+


