Copyright 1986-2022 Xilinx, Inc. All Rights Reserved. Copyright 2022-2025 Advanced Micro Devices, Inc. All Rights Reserved.
---------------------------------------------------------------------------------------------------------------------------------------------
| Tool Version : Vivado v.2025.1 (win64) Build 6140274 Thu May 22 00:12:29 MDT 2025
| Date         : Mon Nov 17 16:37:07 2025
| Host         : Artz_Victus running 64-bit major release  (build 9200)
| Command      : report_control_sets -verbose -file System_TOP_control_sets_placed.rpt
| Design       : System_TOP
| Device       : xc7s100
---------------------------------------------------------------------------------------------------------------------------------------------

Control Set Information

Table of Contents
-----------------
1. Summary
2. Histogram
3. Flip-Flop Distribution
4. Detailed Control Set Information

1. Summary
----------

+----------------------------------------------------------+-------+
|                          Status                          | Count |
+----------------------------------------------------------+-------+
| Total control sets                                       |    23 |
|    Minimum number of control sets                        |    23 |
|    Addition due to synthesis replication                 |     0 |
|    Addition due to physical synthesis replication        |     0 |
| Unused register locations in slices containing registers |     7 |
+----------------------------------------------------------+-------+
* Control sets can be merged at opt_design using control_set_merge or merge_equivalent_drivers
** Run report_qor_suggestions for automated merging and remapping suggestions


2. Histogram
------------

+--------------------+-------+
|       Fanout       | Count |
+--------------------+-------+
| Total control sets |    23 |
| >= 0 to < 4        |     1 |
| >= 4 to < 6        |     0 |
| >= 6 to < 8        |     0 |
| >= 8 to < 10       |    19 |
| >= 10 to < 12      |     0 |
| >= 12 to < 14      |     0 |
| >= 14 to < 16      |     0 |
| >= 16              |     3 |
+--------------------+-------+
* Control sets can be remapped at either synth_design or opt_design


3. Flip-Flop Distribution
-------------------------

+--------------+-----------------------+------------------------+-----------------+--------------+
| Clock Enable | Synchronous Set/Reset | Asynchronous Set/Reset | Total Registers | Total Slices |
+--------------+-----------------------+------------------------+-----------------+--------------+
| No           | No                    | No                     |               2 |            1 |
| No           | No                    | Yes                    |             135 |           47 |
| No           | Yes                   | No                     |               8 |            2 |
| Yes          | No                    | No                     |               0 |            0 |
| Yes          | No                    | Yes                    |              96 |           28 |
| Yes          | Yes                   | No                     |              96 |           26 |
+--------------+-----------------------+------------------------+-----------------+--------------+


4. Detailed Control Set Information
-----------------------------------

+----------------+-------------------------------------------------------------------------+------------------------------------------------------------------------------+------------------+----------------+--------------+
|  Clock Signal  |                              Enable Signal                              |                               Set/Reset Signal                               | Slice Load Count | Bel Load Count | Bels / Slice |
+----------------+-------------------------------------------------------------------------+------------------------------------------------------------------------------+------------------+----------------+--------------+
|  Inst_GPR/E[0] |                                                                         |                                                                              |                1 |              2 |         2.00 |
|  clk_IBUF_BUFG | sim_echos_in_IBUF[0]                                                    | Inst_RegSens/G_Sensor_Instances[0].Sensor_Inst/Inst_TriggerGen/tick_reg[9]_0 |                2 |              8 |         4.00 |
|  clk_IBUF_BUFG | sim_echos_in_IBUF[1]                                                    | Inst_RegSens/G_Sensor_Instances[1].Sensor_Inst/Inst_TriggerGen/tick_reg[9]_0 |                2 |              8 |         4.00 |
|  clk_IBUF_BUFG | sim_echos_in_IBUF[2]                                                    | Inst_RegSens/G_Sensor_Instances[2].Sensor_Inst/Inst_TriggerGen/tick_reg[9]_0 |                2 |              8 |         4.00 |
|  clk_IBUF_BUFG | sim_echos_in_IBUF[3]                                                    | Inst_RegSens/G_Sensor_Instances[3].Sensor_Inst/Inst_TriggerGen/tick_reg[9]_0 |                2 |              8 |         4.00 |
|  clk_IBUF_BUFG | Inst_GPR/FSM_onehot_current_state_reg[2]_0[0]                           | reset_IBUF                                                                   |                2 |              8 |         4.00 |
|  clk_IBUF_BUFG | Inst_GPR/FSM_onehot_current_state_reg[2][0]                             | reset_IBUF                                                                   |                3 |              8 |         2.67 |
|  clk_IBUF_BUFG | Inst_GPR/reg_instr_reg[2]_2[0]                                          | reset_IBUF                                                                   |                3 |              8 |         2.67 |
|  clk_IBUF_BUFG | Inst_GPR/reg_instr_reg[2]_0[0]                                          | reset_IBUF                                                                   |                3 |              8 |         2.67 |
|  clk_IBUF_BUFG | Inst_GPR/reg_instr_reg[2]_3[0]                                          | reset_IBUF                                                                   |                4 |              8 |         2.00 |
|  clk_IBUF_BUFG | Inst_GPR/reg_instr_reg[2]_1[0]                                          | reset_IBUF                                                                   |                3 |              8 |         2.67 |
|  clk_IBUF_BUFG | Inst_GPR/reg_instr_reg[2]_4[0]                                          | reset_IBUF                                                                   |                3 |              8 |         2.67 |
|  clk_IBUF_BUFG | Inst_RegSens/G_Sensor_Instances[0].Sensor_Inst/echo_count[7]_i_1_n_0    | reset_IBUF                                                                   |                2 |              8 |         4.00 |
|  clk_IBUF_BUFG | Inst_RegSens/G_Sensor_Instances[0].Sensor_Inst/E[0]                     | reset_IBUF                                                                   |                2 |              8 |         4.00 |
|  clk_IBUF_BUFG | Inst_RegSens/G_Sensor_Instances[1].Sensor_Inst/echo_count[7]_i_1__0_n_0 | reset_IBUF                                                                   |                1 |              8 |         8.00 |
|  clk_IBUF_BUFG | Inst_RegSens/G_Sensor_Instances[1].Sensor_Inst/E[0]                     | reset_IBUF                                                                   |                1 |              8 |         8.00 |
|  clk_IBUF_BUFG | Inst_RegSens/G_Sensor_Instances[2].Sensor_Inst/E[0]                     | reset_IBUF                                                                   |                3 |              8 |         2.67 |
|  clk_IBUF_BUFG | Inst_RegSens/G_Sensor_Instances[2].Sensor_Inst/echo_count[7]_i_1__1_n_0 | reset_IBUF                                                                   |                1 |              8 |         8.00 |
|  clk_IBUF_BUFG | Inst_RegSens/G_Sensor_Instances[3].Sensor_Inst/E[0]                     | reset_IBUF                                                                   |                2 |              8 |         4.00 |
|  clk_IBUF_BUFG | Inst_RegSens/G_Sensor_Instances[3].Sensor_Inst/echo_count[7]_i_1__2_n_0 | reset_IBUF                                                                   |                1 |              8 |         8.00 |
|  clk_IBUF_BUFG | Inst_UC/Q[0]                                                            | reset_IBUF                                                                   |                4 |             16 |         4.00 |
|  clk_IBUF_BUFG | Inst_UC/Q[1]                                                            | reset_IBUF                                                                   |                8 |             24 |         3.00 |
|  clk_IBUF_BUFG |                                                                         | reset_IBUF                                                                   |               49 |            143 |         2.92 |
+----------------+-------------------------------------------------------------------------+------------------------------------------------------------------------------+------------------+----------------+--------------+


